============================================================ 
BUILD - NetflixSkipIntroMensageria 
Data/Hora: 28/06/2026 22:28:39,66 
============================================================ 
 
  Determinando os projetos a serem restaurados...
C:\Users\Mauricio Knabben\Documents\zzEng Software\Integracao Aplicacoes\TrabalhoFinal\NetflixSkipIntroMensageria\src\NetflixSkipIntroMensageria.Infrastructure\NetflixSkipIntroMensageria.Infrastructure.csproj : warning NU1903: Package 'System.Security.Cryptography.Xml' 9.0.0 has a known high severity vulnerability, https://github.com/advisories/GHSA-37gx-xxp4-5rgx [C:\Users\Mauricio Knabben\Documents\zzEng Software\Integracao Aplicacoes\TrabalhoFinal\NetflixSkipIntroMensageria\NetflixSkipIntroMensageria.slnx]
C:\Users\Mauricio Knabben\Documents\zzEng Software\Integracao Aplicacoes\TrabalhoFinal\NetflixSkipIntroMensageria\src\NetflixSkipIntroMensageria.Infrastructure\NetflixSkipIntroMensageria.Infrastructure.csproj : warning NU1903: Package 'System.Security.Cryptography.Xml' 9.0.0 has a known high severity vulnerability, https://github.com/advisories/GHSA-w3x6-4m5h-cxqf [C:\Users\Mauricio Knabben\Documents\zzEng Software\Integracao Aplicacoes\TrabalhoFinal\NetflixSkipIntroMensageria\NetflixSkipIntroMensageria.slnx]
  Todos os projetos estão atualizados para restauração.
C:\Users\Mauricio Knabben\Documents\zzEng Software\Integracao Aplicacoes\TrabalhoFinal\NetflixSkipIntroMensageria\src\NetflixSkipIntroMensageria.Infrastructure\NetflixSkipIntroMensageria.Infrastructure.csproj : warning NU1903: Package 'System.Security.Cryptography.Xml' 9.0.0 has a known high severity vulnerability, https://github.com/advisories/GHSA-37gx-xxp4-5rgx
C:\Users\Mauricio Knabben\Documents\zzEng Software\Integracao Aplicacoes\TrabalhoFinal\NetflixSkipIntroMensageria\src\NetflixSkipIntroMensageria.Infrastructure\NetflixSkipIntroMensageria.Infrastructure.csproj : warning NU1903: Package 'System.Security.Cryptography.Xml' 9.0.0 has a known high severity vulnerability, https://github.com/advisories/GHSA-w3x6-4m5h-cxqf
  NetflixSkipIntroMensageria.SharedKernel -> C:\Users\Mauricio Knabben\Documents\zzEng Software\Integracao Aplicacoes\TrabalhoFinal\NetflixSkipIntroMensageria\src\NetflixSkipIntroMensageria.SharedKernel\bin\Debug\net10.0\NetflixSkipIntroMensageria.SharedKernel.dll
  NetflixSkipIntroMensageria.Catalog -> C:\Users\Mauricio Knabben\Documents\zzEng Software\Integracao Aplicacoes\TrabalhoFinal\NetflixSkipIntroMensageria\src\NetflixSkipIntroMensageria.Catalog\bin\Debug\net10.0\NetflixSkipIntroMensageria.Catalog.dll
  NetflixSkipIntroMensageria.Application -> C:\Users\Mauricio Knabben\Documents\zzEng Software\Integracao Aplicacoes\TrabalhoFinal\NetflixSkipIntroMensageria\src\NetflixSkipIntroMensageria.Application\bin\Debug\net10.0\NetflixSkipIntroMensageria.Application.dll
  NetflixSkipIntroMensageria.Streaming -> C:\Users\Mauricio Knabben\Documents\zzEng Software\Integracao Aplicacoes\TrabalhoFinal\NetflixSkipIntroMensageria\src\NetflixSkipIntroMensageria.Streaming\bin\Debug\net10.0\NetflixSkipIntroMensageria.Streaming.dll
  NetflixSkipIntroMensageria.Infrastructure -> C:\Users\Mauricio Knabben\Documents\zzEng Software\Integracao Aplicacoes\TrabalhoFinal\NetflixSkipIntroMensageria\src\NetflixSkipIntroMensageria.Infrastructure\bin\Debug\net10.0\NetflixSkipIntroMensageria.Infrastructure.dll
  NetflixSkipIntroMensageria.API -> C:\Users\Mauricio Knabben\Documents\zzEng Software\Integracao Aplicacoes\TrabalhoFinal\NetflixSkipIntroMensageria\src\NetflixSkipIntroMensageria.API\bin\Debug\net10.0\NetflixSkipIntroMensageria.API.dll

Compilação com êxito.

C:\Users\Mauricio Knabben\Documents\zzEng Software\Integracao Aplicacoes\TrabalhoFinal\NetflixSkipIntroMensageria\src\NetflixSkipIntroMensageria.Infrastructure\NetflixSkipIntroMensageria.Infrastructure.csproj : warning NU1903: Package 'System.Security.Cryptography.Xml' 9.0.0 has a known high severity vulnerability, https://github.com/advisories/GHSA-37gx-xxp4-5rgx [C:\Users\Mauricio Knabben\Documents\zzEng Software\Integracao Aplicacoes\TrabalhoFinal\NetflixSkipIntroMensageria\NetflixSkipIntroMensageria.slnx]
C:\Users\Mauricio Knabben\Documents\zzEng Software\Integracao Aplicacoes\TrabalhoFinal\NetflixSkipIntroMensageria\src\NetflixSkipIntroMensageria.Infrastructure\NetflixSkipIntroMensageria.Infrastructure.csproj : warning NU1903: Package 'System.Security.Cryptography.Xml' 9.0.0 has a known high severity vulnerability, https://github.com/advisories/GHSA-w3x6-4m5h-cxqf [C:\Users\Mauricio Knabben\Documents\zzEng Software\Integracao Aplicacoes\TrabalhoFinal\NetflixSkipIntroMensageria\NetflixSkipIntroMensageria.slnx]
C:\Users\Mauricio Knabben\Documents\zzEng Software\Integracao Aplicacoes\TrabalhoFinal\NetflixSkipIntroMensageria\src\NetflixSkipIntroMensageria.Infrastructure\NetflixSkipIntroMensageria.Infrastructure.csproj : warning NU1903: Package 'System.Security.Cryptography.Xml' 9.0.0 has a known high severity vulnerability, https://github.com/advisories/GHSA-37gx-xxp4-5rgx
C:\Users\Mauricio Knabben\Documents\zzEng Software\Integracao Aplicacoes\TrabalhoFinal\NetflixSkipIntroMensageria\src\NetflixSkipIntroMensageria.Infrastructure\NetflixSkipIntroMensageria.Infrastructure.csproj : warning NU1903: Package 'System.Security.Cryptography.Xml' 9.0.0 has a known high severity vulnerability, https://github.com/advisories/GHSA-w3x6-4m5h-cxqf
    4 Aviso(s)
    0 Erro(s)

Tempo Decorrido 00:00:08.54
 
============================================================ 
FIM DO BUILD 
============================================================ 
